📖 อ่าน: Dc\แผนงาน Punthai Maxmart รอบสั่ง 24หยิบ 25พฤศจิกายน 2568 To.เฟิ(1) - สำเนา.xlsx sheet: 2.Punthai
❌ อ่านไฟล์ไม่ได้: File is not a zip file
